---
layout:     post
title:      CMS的预清理和可中断的预清理
subtitle:   
date:       2020-10-20
author:     Bowen
header-img: img/calendar2020-10.jpg
catalog:    true
tags:
    - JVM
    - GC
    - CMS
---

### gc日志

```
2020-10-19T11:16:37.832+0800: 13.291: [GC (CMS Initial Mark) [1 CMS-initial-mark: 11372K(349568K)] 29451K(506816K), 0.0357494 secs] [Times: user=0.04 sys=0.00, real=0.03 secs]
2020-10-19T11:16:37.868+0800: 13.326: [CMS-concurrent-mark-start]
2020-10-19T11:16:37.899+0800: 13.357: [CMS-concurrent-mark: 0.031/0.031 secs] [Times: user=0.09 sys=0.00, real=0.03 secs]
2020-10-19T11:16:37.899+0800: 13.357: [CMS-concurrent-preclean-start]
2020-10-19T11:16:37.904+0800: 13.362: [CMS-concurrent-preclean: 0.005/0.005 secs] [Times: user=0.01 sys=0.00, real=0.01 secs]
2020-10-19T11:16:37.904+0800: 13.362: [CMS-concurrent-abortable-preclean-start]
2020-10-19T11:16:38.799+0800: 14.257: [CMS-concurrent-abortable-preclean: 0.847/0.895 secs] [Times: user=1.96 sys=0.06, real=0.89 secs]
2020-10-19T11:16:38.806+0800: 14.264: [GC (CMS Final Remark) [YG occupancy: 96642 K (157248 K)]2020-10-19T11:16:38.806+0800: 14.264: [Rescan (parallel) , 0.0913476 secs]2020-10-19T11:16:38.897+0800: 14.355: [weak refs processing, 0.0000417 secs]2020-10-19T11:16:38.897+0800: 14.355: [class unloading, 0.0113654 secs]2020-10-19T11:16:38.909+0800: 14.367: [scrub symbol table, 0.0153841 secs]2020-10-19T11:16:38.924+0800: 14.382: [scrub string table, 0.0009413 secs][1 CMS-remark: 11372K(349568K)] 108014K(506816K), 0.1204670 secs] [Times: user=0.10 sys=0.00, real=0.12 secs]
2020-10-19T11:16:38.947+0800: 14.406: [CMS-concurrent-sweep-start]
2020-10-19T11:16:38.955+0800: 14.413: [CMS-concurrent-sweep: 0.008/0.008 secs] [Times: user=0.01 sys=0.00, real=0.01 secs]
2020-10-19T11:16:38.955+0800: 14.414: [CMS-concurrent-reset-start]
2020-10-19T11:16:38.956+0800: 14.414: [CMS-concurrent-reset: 0.001/0.001 secs] [Times: user=0.00 sys=0.00, real=0.00 secs]
```

### concurrent preclean

预清理也是一个并发执行的阶段。在本阶段，会查找前一阶段执行过程中，从新生代晋升、直接在老年代新分配、老年代中引用关系有变动的对象。通过并发地重新扫描这些对象，预清理阶段可以减少下一个stop-the-world 重新标记阶段的工作量。
> Precleaning is also a concurrent phase. Here in this phase we look at the objects in CMS heap which got updated by promotions from young generation or new allocations or got updated by mutators while we were doing the concurrent marking in the previous concurrent marking phase. By rescanning those objects concurrently, the precleaning phase helps reduce the work in the next stop-the-world “remark” phase.

### concurrent abortable preclean

在JDK 1.5 中, CMS 增加一个并发可中止预清理(concurrent abortable preclean)阶段. 可中止预清理阶段，运行在并行预清理和重新标记之间，直到获得所期望的 eden 空间占用率。增加这个阶段是为了避免在重新标记阶段后紧跟着发生一次垃圾清除。为了尽可能区分开垃圾清除和重新标记 ，我们尽量安排在两次垃圾清除之间运行重新标记阶段。

> There is a second reason why we do this. Immediately following a scavenge there are likely a large number of grey objects that need rescanning. The abortable preclean phase tries to deal with such newly grey objects thus reducing a subsequent CMS remark pause.

可以通过JVM参数`CMSScheduleRemarkEdenSizeThreshold`和 `CMSScheduleRemarkEdenPenetration`控制重新标记阶段。默认值是2m和50%。

预清理阶段后，如果 Eden 空间占用大于 CMSScheduleRemarkEdenSizeThreshold 设置的值, 会启动可中断的预清理，直到占用率达到 CMSScheduleRemarkEdenPenetration 设置的值，例如，根据默认的设置 eden 区使用超过2Mb时启动，直到 eden 区空间使用率达到50%时中断。否则，立即安排重新标记阶段。

> After 'concurrent preclean' if the Eden occupancy is above CMSScheduleRemarkEdenSizeThreshold, we start 'concurrent abortable preclean' and continue precleanig until we have CMSScheduleRemarkEdenPenetration percentage occupancy in eden, otherwise we schedule 'remark' phase immediately.

CMSScheduleRemarkEdenSizeThreshold 设置 eden 区大小,低于此值时不启动重新标记阶段，因为回报预期为微不足道。CMSScheduleRemarkEdenPenetration 设置启动重新标记阶段时 eden 区的空间占用率。如果此阶段执行时等到了Minor GC，那么不可达对象将被回收，Reamark阶段需要扫描的对象就少了。除此之外CMS为了避免这个阶段没有等到Minor GC而陷入无限等待，提供了参数`CMSMaxAbortablePrecleanTime` ，默认为5s，含义是如果可中断的预清理执行超过5s，不管发没发生Minor GC，都会中止此阶段，进入Remark。

### Reference

1. https://blogs.oracle.com/poonam/understanding-cms-gc-logs

